linkerd-jaeger
--------------
√ linkerd-jaeger extension Namespace exists
√ collector and jaeger service account exists
√ collector config map exists
√ jaeger extension pods are injected
√ jaeger extension pods are running
√ jaeger extension proxies are healthy
√ jaeger extension proxies are up-to-date
√ jaeger extension proxies and cli versions match

Status check results are √
