category
--------
√ check1
× check2
    This should contain instructions for fail
    see https://linkerd.io/checks/latest/#hint-anchor for hints

Status check results are ×
